// Vitest Snapshot v1, https://vitest.dev/guide/snapshot.html

exports[`App > Renders correctly 1`] = `
<div>
  <div
    class="Toastify"
  />
</div>
`;
